Microchip MPLAB XC8 Compiler V1.38 ()

Linker command line:

-W-3 --edf=/opt/microchip/xc8/v1.38/dat/en_msgs.txt -cs \
  -h+dist/default/production/16f18855-uart.X.production.sym \
  --cmf=dist/default/production/16f18855-uart.X.production.cmf -z \
  -Q16F18855 -o/tmp/xcXJpVvui \
  -Mdist/default/production/16f18855-uart.X.production.map -E1 -ver=XC8 \
  -ASTACK=02030h-023efh -pstack=STACK -ACODE=00h-07FFhx4 \
  -ASTRCODE=00h-01FFFh -ASTRING=00h-0FFhx32 -ACONST=00h-0FFhx32 \
  -AENTRY=00h-0FFhx32 -ACOMMON=070h-07Fh -ABANK0=020h-06Fh \
  -ABANK1=0A0h-0EFh -ABANK2=0120h-016Fh -ABANK3=01A0h-01EFh \
  -ABANK4=0220h-026Fh -ABANK5=02A0h-02EFh -ABANK6=0320h-036Fh \
  -ABANK7=03A0h-03EFh -ABANK8=0420h-046Fh -ABANK9=04A0h-04EFh \
  -ABANK10=0520h-056Fh -ABANK11=05A0h-05EFh -ABANK12=0620h-064Fh \
  -ABIGRAM=02000h-023EFh \
  -ARAM=020h-06Fh,0A0h-0EFh,0120h-016Fh,01A0h-01EFh,0220h-026Fh,02A0h-02EFh,0320h-036Fh,03A0h-03EFh,0420h-046Fh,04A0h-04EFh,0520h-056Fh,05A0h-05EFh,0620h-064Fh \
  -AABS1=020h-07Fh,0A0h-0EFh,0120h-016Fh,01A0h-01EFh,0220h-026Fh,02A0h-02EFh,0320h-036Fh,03A0h-03EFh,0420h-046Fh,04A0h-04EFh,0520h-056Fh,05A0h-05EFh,0620h-064Fh \
  -ASFR0=00h-01Fh -ASFR1=080h-09Fh -ASFR2=0100h-011Fh -ASFR3=0180h-019Fh \
  -ASFR4=0200h-021Fh -ASFR5=0280h-029Fh -ASFR6=0300h-031Fh \
  -ASFR7=0380h-039Fh -ASFR8=0400h-041Fh -ASFR9=0480h-049Fh \
  -ASFR10=0500h-051Fh -ASFR11=0580h-059Fh -ASFR12=0600h-061Fh \
  -ASFR13=0680h-06EFh -ASFR14=0700h-076Fh -ASFR15=0780h-07EFh \
  -ASFR16=0800h-086Fh -ASFR17=0880h-08EFh -ASFR18=0900h-096Fh \
  -ASFR19=0980h-09EFh -ASFR20=0A00h-0A6Fh -ASFR21=0A80h-0AEFh \
  -ASFR22=0B00h-0B6Fh -ASFR23=0B80h-0BEFh -ASFR24=0C00h-0C6Fh \
  -ASFR25=0C80h-0CEFh -ASFR26=0D00h-0D6Fh -ASFR27=0D80h-0DEFh \
  -ASFR28=0E00h-0E6Fh -ASFR29=0E80h-0EEFh -ASFR30=0F00h-0F6Fh \
  -ASFR31=0F80h-0FEFh -preset_vec=00h,intentry=04h,init,end_init \
  -ppowerup=CODE -pcinit=CODE -pfunctab=CODE -ACONFIG=08007h-0800Bh \
  -pconfig=CONFIG -DCONFIG=2 -AIDLOC=08000h-08003h -pidloc=IDLOC -DIDLOC=2 \
  -AEEDATA=00h-0FFh/0F000h -peeprom_data=EEDATA -DEEDATA=2 -DCODE=2 \
  -DSTRCODE=2 -DSTRING=2 -DCONST=2 -DENTRY=2 -k /tmp/xcXPIVxJX.obj \
  dist/default/production/16f18855-uart.X.production.obj 

Object code version is 3.11

Machine type is 16F18855



                Name                               Link     Load   Length Selector   Space Scale
/tmp/xcXPIVxJX.obj
                end_init                             20       20        2        8       0
                reset_vec                             0        0        2        0       0
                config                             8007     8007        5    1000E       0
dist/default/production/16f18855-uart.X.production.obj
                cinit                                22       22       12        8       0
                intentry                              4        4       1C        8       0
                text24                              402      402        1      698       0
                text23                              38B      38B       12      698       0
                text22                              34C      34C       18      698       0
                swtext1                             334      334       18      668       0
                text21                               34       34      13B        8       0
                text19                              2D4      2D4       28        8       0
                text18                              252      252       46        8       0
                text17                              2FC      2FC       20        8       0
                text16                              298      298       3C        8       0
                text15                              364      364       15      698       0
                text14                              3D3      3D3        A      698       0
                text13                              3F2      3F2        6      698       0
                text12                              3EC      3EC        6      698       0
                text11                              3C7      3C7        C      698       0
                text10                              31C      31C       18        8       0
                text9                               3DD      3DD        9      698       0
                text8                               202      202       50        8       0
                text7                               3FF      3FF        3      698       0
                text6                               39D      39D        F      698       0
                text5                               3BA      3BA        D      698       0
                text4                               379      379       12      698       0
                text3                               3AC      3AC        E      698       0
                text2                               3FC      3FC        3      698       0
                text1                               3F8      3F8        4      698       0
                maintext                            16F      16F       93        8       0
                cstackBANK0                          3E       3E       12       20       1
                cstackCOMMON                         77       77        7       70       1
                clrtext                             3E6      3E6        6      698       0
                bssBANK0                             20       20       1E       20       1
                bssCOMMON                            70       70        7       70       1

TOTAL           Name                               Link     Load   Length     Space
        CLASS   STACK          

        CLASS   CODE           
                end_init                             20       20        2         0
                cinit                                22       22       12         0
                intentry                              4        4       1C         0
                reset_vec                             0        0        2         0
                text24                              402      402        1         0
                text23                              38B      38B       12         0
                text22                              34C      34C       18         0
                text21                               34       34      13B         0
                text19                              2D4      2D4       28         0
                text18                              252      252       46         0
                text17                              2FC      2FC       20         0
                text16                              298      298       3C         0
                text15                              364      364       15         0
                text14                              3D3      3D3        A         0
                text13                              3F2      3F2        6         0
                text12                              3EC      3EC        6         0
                text11                              3C7      3C7        C         0
                text10                              31C      31C       18         0
                text9                               3DD      3DD        9         0
                text8                               202      202       50         0
                text7                               3FF      3FF        3         0
                text6                               39D      39D        F         0
                text5                               3BA      3BA        D         0
                text4                               379      379       12         0
                text3                               3AC      3AC        E         0
                text2                               3FC      3FC        3         0
                text1                               3F8      3F8        4         0
                maintext                            16F      16F       93         0
                clrtext                             3E6      3E6        6         0

        CLASS   STRCODE        

        CLASS   STRING         

        CLASS   CONST          
                swtext1                             334      334       18         0

        CLASS   ENTRY          

        CLASS   COMMON         
                cstackCOMMON                         77       77        7         1
                bssCOMMON                            70       70        7         1

        CLASS   BANK0          
                cstackBANK0                          3E       3E       12         1
                bssBANK0                             20       20       1E         1

        CLASS   BANK1          

        CLASS   BANK2          

        CLASS   BANK3          

        CLASS   BANK4          

        CLASS   BANK5          

        CLASS   BANK6          

        CLASS   BANK7          

        CLASS   BANK8          

        CLASS   BANK9          

        CLASS   BANK10         

        CLASS   BANK11         

        CLASS   BANK12         

        CLASS   BIGRAM         

        CLASS   RAM            

        CLASS   ABS1           
                abs_s1                               7E       7E        2         1

        CLASS   SFR0           

        CLASS   SFR1           

        CLASS   SFR2           

        CLASS   SFR3           

        CLASS   SFR4           

        CLASS   SFR5           

        CLASS   SFR6           

        CLASS   SFR7           

        CLASS   SFR8           

        CLASS   SFR9           

        CLASS   SFR10          

        CLASS   SFR11          

        CLASS   SFR12          

        CLASS   SFR13          

        CLASS   SFR14          

        CLASS   SFR15          

        CLASS   SFR16          

        CLASS   SFR17          

        CLASS   SFR18          

        CLASS   SFR19          

        CLASS   SFR20          

        CLASS   SFR21          

        CLASS   SFR22          

        CLASS   SFR23          

        CLASS   SFR24          

        CLASS   SFR25          

        CLASS   SFR26          

        CLASS   SFR27          

        CLASS   SFR28          

        CLASS   SFR29          

        CLASS   SFR30          

        CLASS   SFR31          

        CLASS   CONFIG         
                config                             8007     8007        5         0

        CLASS   IDLOC          

        CLASS   EEDATA         

        CLASS   BANK31         

        CLASS   BANK30         

        CLASS   BANK29         

        CLASS   BANK28         

        CLASS   BANK27         

        CLASS   BANK26         

        CLASS   BANK25         

        CLASS   BANK24         

        CLASS   BANK23         

        CLASS   BANK22         

        CLASS   BANK21         

        CLASS   BANK20         

        CLASS   BANK19         

        CLASS   BANK18         

        CLASS   BANK17         

        CLASS   BANK16         

        CLASS   BANK15         

        CLASS   BANK14         

        CLASS   BANK13         



SEGMENTS        Name                           Load    Length   Top    Selector   Space  Class     Delta

                reset_vec                      000000  000002  000002         0       0  CODE        2
                intentry                       000004  000330  000334         8       0  CODE        2
                bssBANK0                       000020  000030  000050        20       1  BANK0       1
                bssCOMMON                      000070  00000E  00007E        70       1  COMMON      1
                swtext1                        000334  000018  00034C       668       0  CONST       2
                text22                         00034C  0000B7  000403       698       0  CODE        2
                config                         008007  000005  00800C     1000E       0  CONFIG      2


UNUSED ADDRESS RANGES

        Name                Unused          Largest block    Delta
        BANK0            00050-0006F              20           1
        BANK1            000A0-000EF              50           1
        BANK10           00520-0056F              50           1
        BANK11           005A0-005EF              50           1
        BANK12           00620-0064F              30           1
        BANK2            00120-0016F              50           1
        BANK3            001A0-001EF              50           1
        BANK4            00220-0026F              50           1
        BANK5            002A0-002EF              50           1
        BANK6            00320-0036F              50           1
        BANK7            003A0-003EF              50           1
        BANK8            00420-0046F              50           1
        BANK9            004A0-004EF              50           1
        BIGRAM           02000-023EF             3F0           1
        CODE             00002-00003               2           2
                         00403-01FFF             800
        CONST            00002-00003               2           2
                         00403-01FFF             100
        EEDATA           0F000-0F0FF             100           2
        ENTRY            00002-00003               2           2
                         00403-01FFF             100
        IDLOC            08000-08003               4           2
        RAM              00050-0006F              20           1
                         000A0-000EF              50
                         00120-0016F              50
                         001A0-001EF              50
                         00220-0026F              50
                         002A0-002EF              50
                         00320-0036F              50
                         003A0-003EF              50
                         00420-0046F              50
                         004A0-004EF              50
                         00520-0056F              50
                         005A0-005EF              50
                         00620-0064F              30
        SFR0             00000-0001F              20           1
        SFR1             00080-0009F              20           1
        SFR10            00500-0051F              20           1
        SFR11            00580-0059F              20           1
        SFR12            00600-0061F              20           1
        SFR13            00680-006EF              70           1
        SFR14            00700-0076F              70           1
        SFR15            00780-007EF              70           1
        SFR16            00800-0086F              70           1
        SFR17            00880-008EF              70           1
        SFR18            00900-0096F              70           1
        SFR19            00980-009EF              70           1
        SFR2             00100-0011F              20           1
        SFR20            00A00-00A6F              70           1
        SFR21            00A80-00AEF              70           1
        SFR22            00B00-00B6F              70           1
        SFR23            00B80-00BEF              70           1
        SFR24            00C00-00C6F              70           1
        SFR25            00C80-00CEF              70           1
        SFR26            00D00-00D6F              70           1
        SFR27            00D80-00DEF              70           1
        SFR28            00E00-00E6F              70           1
        SFR29            00E80-00EEF              70           1
        SFR3             00180-0019F              20           1
        SFR30            00F00-00F6F              70           1
        SFR31            00F80-00FEF              70           1
        SFR4             00200-0021F              20           1
        SFR5             00280-0029F              20           1
        SFR6             00300-0031F              20           1
        SFR7             00380-0039F              20           1
        SFR8             00400-0041F              20           1
        SFR9             00480-0049F              20           1
        STACK            02030-023EF             3C0           1
        STRCODE          00002-00003               2           2
                         00403-01FFF            1BFD
        STRING           00002-00003               2           2
                         00403-01FFF             100

                                  Symbol Table

EMC1001_Read@pData                   cstackBANK0  00045
EMC1001_Read@reg                     cstackBANK0  00048
EMC1001_Read@status                  cstackBANK0  00049
EMC1001_Read@trb                     bssBANK0     0002B
EUSART_Write@txData                  cstackBANK0  0003E
I2C2_ISR@i2c_10bit_address_restart   bssBANK0     00029
I2C2_ISR@i2c_address                 bssCOMMON    00075
I2C2_ISR@i2c_bytes_left              bssCOMMON    00070
I2C2_ISR@pi2c_buf_ptr                bssCOMMON    00071
I2C2_MasterRead@trBlock              bssBANK0     00033
I2C2_MasterReadTRBBuild@address      cstackBANK0  00040
I2C2_MasterReadTRBBuild@length       cstackBANK0  0003F
I2C2_MasterReadTRBBuild@pdata        cstackBANK0  0003E
I2C2_MasterReadTRBBuild@ptrb         cstackBANK0  00044
I2C2_MasterTRBInsert@count           cstackBANK0  00041
I2C2_MasterTRBInsert@pflag           cstackBANK0  0003F
I2C2_MasterTRBInsert@ptrb_list       cstackBANK0  0003E
I2C2_MasterWrite@trBlock             bssBANK0     00037
I2C2_MasterWriteTRBBuild@address     cstackBANK0  00040
I2C2_MasterWriteTRBBuild@length      cstackBANK0  0003F
I2C2_MasterWriteTRBBuild@pdata       cstackBANK0  0003E
I2C2_MasterWriteTRBBuild@ptrb        cstackBANK0  00044
I2C2_Stop@completion_code            cstackCOMMON 00078
PIN_MANAGER_Initialize@state         cstackBANK0  0003E
TMR4_HasOverflowOccured@status       cstackBANK0  0003E
_ANSELA                              (abs)        00F38
_ANSELB                              (abs)        00F43
_ANSELC                              (abs)        00F4E
_BAUD1CON                            (abs)        0011F
_EMC1001_Read                        text16       00298
_EUSART_Initialize                   text11       003C7
_EUSART_Read                         text15       00364
_EUSART_Write                        text14       003D3
_GIE                                 (abs)        0005F
_I2C2_BusCollisionISR                text24       00402
_I2C2_FunctionComplete               text23       0038B
_I2C2_ISR                            text21       00034
_I2C2_Initialize                     text10       0031C
_I2C2_MasterReadTRBBuild             text19       002D4
_I2C2_MasterTRBInsert                text18       00252
_I2C2_MasterWriteTRBBuild            text17       002FC
_I2C2_Stop                           text22       0034C
_INTCONbits                          (abs)        0000B
_INTERRUPT_InterruptManager          intentry     00004
_LATA                                (abs)        00016
_LATAbits                            (abs)        00016
_LATB                                (abs)        00017
_LATC                                (abs)        00018
_LEDsOFF                             text13       003F2
_LEDsON                              text12       003EC
_ODCONA                              (abs)        00F3A
_ODCONB                              (abs)        00F45
_ODCONC                              (abs)        00F50
_OSCCON1                             (abs)        0088D
_OSCCON3                             (abs)        0088F
_OSCEN                               (abs)        00891
_OSCFRQ                              (abs)        00893
_OSCILLATOR_Initialize               text9        003DD
_OSCTUNE                             (abs)        00892
_PIE3bits                            (abs)        00719
_PIN_MANAGER_Initialize              text8        00202
_PIR3bits                            (abs)        0070F
_PIR4bits                            (abs)        00710
_PPSLOCK                             (abs)        00E8F
_PPSLOCKbits                         (abs)        00E8F
_PR4                                 (abs)        00293
_PR6                                 (abs)        00299
_RC0PPS                              (abs)        00F20
_RC1REG                              (abs)        00119
_RC1STA                              (abs)        0011D
_RC1STAbits                          (abs)        0011D
_RC3PPS                              (abs)        00F23
_RC4PPS                              (abs)        00F24
_RC6PPS                              (abs)        00F26
_RXPPSbits                           (abs)        00ECB
_SP1BRGH                             (abs)        0011C
_SP1BRGL                             (abs)        0011B
_SSP2ADD                             (abs)        00197
_SSP2BUF                             (abs)        00196
_SSP2CLKPPSbits                      (abs)        00EC8
_SSP2CON1                            (abs)        0019A
_SSP2CON1bits                        (abs)        0019A
_SSP2CON2bits                        (abs)        0019B
_SSP2CON3                            (abs)        0019C
_SSP2DATPPSbits                      (abs)        00EC9
_SSP2STAT                            (abs)        00199
_SYSTEM_Initialize                   text4        00379
_T4AINPPSbits                        (abs)        00E9D
_T4CLKCON                            (abs)        00296
_T4CON                               (abs)        00294
_T4CONbits                           (abs)        00294
_T4HLT                               (abs)        00295
_T4HLTbits                           (abs)        00295
_T4PR                                (abs)        00293
_T4RST                               (abs)        00297
_T4RSTbits                           (abs)        00297
_T4TMR                               (abs)        00292
_T6AINPPSbits                        (abs)        00E9E
_T6CLKCON                            (abs)        0029C
_T6CON                               (abs)        0029A
_T6CONbits                           (abs)        0029A
_T6HLT                               (abs)        0029B
_T6HLTbits                           (abs)        0029B
_T6PR                                (abs)        00299
_T6RST                               (abs)        0029D
_T6RSTbits                           (abs)        0029D
_T6TMR                               (abs)        00298
_TMR4                                (abs)        00292
_TMR4_HasOverflowOccured             text3        003AC
_TMR4_Initialize                     text6        0039D
_TMR4_Start                          text7        003FF
_TMR6                                (abs)        00298
_TMR6_Initialize                     text5        003BA
_TMR6_Start                          text2        003FC
_TMR6_Stop                           text1        003F8
_TRISA                               (abs)        00011
_TRISB                               (abs)        00012
_TRISC                               (abs)        00013
_TX1REG                              (abs)        0011A
_TX1STA                              (abs)        0011E
_WPUA                                (abs)        00F39
_WPUB                                (abs)        00F44
_WPUC                                (abs)        00F4F
_WPUE                                (abs)        00F65
__CFG_BOREN$ON                       (abs)        00000
__CFG_BORV$LO                        (abs)        00000
__CFG_CLKOUTEN$OFF                   (abs)        00000
__CFG_CP$OFF                         (abs)        00000
__CFG_CPD$OFF                        (abs)        00000
__CFG_CSWEN$ON                       (abs)        00000
__CFG_FCMEN$ON                       (abs)        00000
__CFG_FEXTOSC$OFF                    (abs)        00000
__CFG_LPBOREN$OFF                    (abs)        00000
__CFG_LVP$OFF                        (abs)        00000
__CFG_MCLRE$ON                       (abs)        00000
__CFG_PPS1WAY$ON                     (abs)        00000
__CFG_PWRTE$OFF                      (abs)        00000
__CFG_RSTOSC$HFINTPLL                (abs)        00000
__CFG_SCANE$available                (abs)        00000
__CFG_STVREN$ON                      (abs)        00000
__CFG_WDTCCS$SC                      (abs)        00000
__CFG_WDTCPS$WDTCPS_31               (abs)        00000
__CFG_WDTCWS$WDTCWS_7                (abs)        00000
__CFG_WDTE$OFF                       (abs)        00000
__CFG_WRT$OFF                        (abs)        00000
__CFG_ZCD$OFF                        (abs)        00000
__Habs1                              abs1         00000
__Hbank0                             bank0        00000
__Hbank1                             bank1        00000
__Hbank10                            bank10       00000
__Hbank11                            bank11       00000
__Hbank12                            bank12       00000
__Hbank13                            bank13       00000
__Hbank14                            bank14       00000
__Hbank15                            bank15       00000
__Hbank16                            bank16       00000
__Hbank17                            bank17       00000
__Hbank18                            bank18       00000
__Hbank19                            bank19       00000
__Hbank2                             bank2        00000
__Hbank20                            bank20       00000
__Hbank21                            bank21       00000
__Hbank22                            bank22       00000
__Hbank23                            bank23       00000
__Hbank24                            bank24       00000
__Hbank25                            bank25       00000
__Hbank26                            bank26       00000
__Hbank27                            bank27       00000
__Hbank28                            bank28       00000
__Hbank29                            bank29       00000
__Hbank3                             bank3        00000
__Hbank30                            bank30       00000
__Hbank31                            bank31       00000
__Hbank4                             bank4        00000
__Hbank5                             bank5        00000
__Hbank6                             bank6        00000
__Hbank7                             bank7        00000
__Hbank8                             bank8        00000
__Hbank9                             bank9        00000
__Hbigram                            bigram       00000
__HbssBANK0                          bssBANK0     00000
__HbssCOMMON                         bssCOMMON    00000
__Hcinit                             cinit        00034
__Hclrtext                           clrtext      00000
__Hcode                              code         00000
__Hcommon                            common       00000
__Hconfig                            config       0800C
__HcstackBANK0                       cstackBANK0  00000
__HcstackCOMMON                      cstackCOMMON 00000
__Heeprom_data                       eeprom_data  00000
__Hend_init                          end_init     00022
__Hfunctab                           functab      00000
__Hidloc                             idloc        00000
__Hinit                              init         00020
__Hintentry                          intentry     00020
__Hmaintext                          maintext     00000
__Hpowerup                           powerup      00000
__Hram                               ram          00000
__Hreset_vec                         reset_vec    00002
__Hsfr0                              sfr0         00000
__Hsfr1                              sfr1         00000
__Hsfr10                             sfr10        00000
__Hsfr11                             sfr11        00000
__Hsfr12                             sfr12        00000
__Hsfr13                             sfr13        00000
__Hsfr14                             sfr14        00000
__Hsfr15                             sfr15        00000
__Hsfr16                             sfr16        00000
__Hsfr17                             sfr17        00000
__Hsfr18                             sfr18        00000
__Hsfr19                             sfr19        00000
__Hsfr2                              sfr2         00000
__Hsfr20                             sfr20        00000
__Hsfr21                             sfr21        00000
__Hsfr22                             sfr22        00000
__Hsfr23                             sfr23        00000
__Hsfr24                             sfr24        00000
__Hsfr25                             sfr25        00000
__Hsfr26                             sfr26        00000
__Hsfr27                             sfr27        00000
__Hsfr28                             sfr28        00000
__Hsfr29                             sfr29        00000
__Hsfr3                              sfr3         00000
__Hsfr30                             sfr30        00000
__Hsfr31                             sfr31        00000
__Hsfr4                              sfr4         00000
__Hsfr5                              sfr5         00000
__Hsfr6                              sfr6         00000
__Hsfr7                              sfr7         00000
__Hsfr8                              sfr8         00000
__Hsfr9                              sfr9         00000
__Hspace_0                           (abs)        0800C
__Hspace_1                           (abs)        0007E
__Hspace_2                           (abs)        00000
__Hspace_3                           (abs)        00000
__Hstack                             stack        00000
__Hstrings                           strings      00000
__Htext                              text         00000
__Labs1                              abs1         00000
__Lbank0                             bank0        00000
__Lbank1                             bank1        00000
__Lbank10                            bank10       00000
__Lbank11                            bank11       00000
__Lbank12                            bank12       00000
__Lbank13                            bank13       00000
__Lbank14                            bank14       00000
__Lbank15                            bank15       00000
__Lbank16                            bank16       00000
__Lbank17                            bank17       00000
__Lbank18                            bank18       00000
__Lbank19                            bank19       00000
__Lbank2                             bank2        00000
__Lbank20                            bank20       00000
__Lbank21                            bank21       00000
__Lbank22                            bank22       00000
__Lbank23                            bank23       00000
__Lbank24                            bank24       00000
__Lbank25                            bank25       00000
__Lbank26                            bank26       00000
__Lbank27                            bank27       00000
__Lbank28                            bank28       00000
__Lbank29                            bank29       00000
__Lbank3                             bank3        00000
__Lbank30                            bank30       00000
__Lbank31                            bank31       00000
__Lbank4                             bank4        00000
__Lbank5                             bank5        00000
__Lbank6                             bank6        00000
__Lbank7                             bank7        00000
__Lbank8                             bank8        00000
__Lbank9                             bank9        00000
__Lbigram                            bigram       00000
__LbssBANK0                          bssBANK0     00000
__LbssCOMMON                         bssCOMMON    00000
__Lcinit                             cinit        00022
__Lclrtext                           clrtext      00000
__Lcode                              code         00000
__Lcommon                            common       00000
__Lconfig                            config       08007
__LcstackBANK0                       cstackBANK0  00000
__LcstackCOMMON                      cstackCOMMON 00000
__Leeprom_data                       eeprom_data  00000
__Lend_init                          end_init     00020
__Lfunctab                           functab      00000
__Lidloc                             idloc        00000
__Linit                              init         00020
__Lintentry                          intentry     00004
__Lmaintext                          maintext     00000
__Lpowerup                           powerup      00000
__Lram                               ram          00000
__Lreset_vec                         reset_vec    00000
__Lsfr0                              sfr0         00000
__Lsfr1                              sfr1         00000
__Lsfr10                             sfr10        00000
__Lsfr11                             sfr11        00000
__Lsfr12                             sfr12        00000
__Lsfr13                             sfr13        00000
__Lsfr14                             sfr14        00000
__Lsfr15                             sfr15        00000
__Lsfr16                             sfr16        00000
__Lsfr17                             sfr17        00000
__Lsfr18                             sfr18        00000
__Lsfr19                             sfr19        00000
__Lsfr2                              sfr2         00000
__Lsfr20                             sfr20        00000
__Lsfr21                             sfr21        00000
__Lsfr22                             sfr22        00000
__Lsfr23                             sfr23        00000
__Lsfr24                             sfr24        00000
__Lsfr25                             sfr25        00000
__Lsfr26                             sfr26        00000
__Lsfr27                             sfr27        00000
__Lsfr28                             sfr28        00000
__Lsfr29                             sfr29        00000
__Lsfr3                              sfr3         00000
__Lsfr30                             sfr30        00000
__Lsfr31                             sfr31        00000
__Lsfr4                              sfr4         00000
__Lsfr5                              sfr5         00000
__Lsfr6                              sfr6         00000
__Lsfr7                              sfr7         00000
__Lsfr8                              sfr8         00000
__Lsfr9                              sfr9         00000
__Lspace_0                           (abs)        00000
__Lspace_1                           (abs)        00000
__Lspace_2                           (abs)        00000
__Lspace_3                           (abs)        00000
__Lstack                             stack        00000
__Lstrings                           strings      00000
__Ltext                              text         00000
__S0                                 (abs)        0800C
__S1                                 (abs)        0007E
__S2                                 (abs)        00000
__S3                                 (abs)        00000
___int_sp                            stack        00000
___latbits                           (abs)        00002
___sp                                stack        00000
__end_of_EMC1001_Read                text16       002D4
__end_of_EUSART_Initialize           text11       003D3
__end_of_EUSART_Read                 text15       00379
__end_of_EUSART_Write                text14       003DD
__end_of_I2C2_BusCollisionISR        text24       00403
__end_of_I2C2_FunctionComplete       text23       0039D
__end_of_I2C2_ISR                    text21       0016F
__end_of_I2C2_Initialize             text10       00334
__end_of_I2C2_MasterReadTRBBuild     text19       002FC
__end_of_I2C2_MasterTRBInsert        text18       00298
__end_of_I2C2_MasterWriteTRBBuild    text17       0031C
__end_of_I2C2_Stop                   text22       00364
__end_of_INTERRUPT_InterruptManager  intentry     00020
__end_of_LEDsOFF                     text13       003F8
__end_of_LEDsON                      text12       003F2
__end_of_OSCILLATOR_Initialize       text9        003E6
__end_of_PIN_MANAGER_Initialize      text8        00252
__end_of_SYSTEM_Initialize           text4        0038B
__end_of_TMR4_HasOverflowOccured     text3        003BA
__end_of_TMR4_Initialize             text6        003AC
__end_of_TMR4_Start                  text7        00402
__end_of_TMR6_Initialize             text5        003C7
__end_of_TMR6_Start                  text2        003FF
__end_of_TMR6_Stop                   text1        003FC
__end_of__initialization             cinit        00030
__end_of_main                        maintext     00202
__initialization                     cinit        00022
__pbssBANK0                          bssBANK0     00020
__pbssCOMMON                         bssCOMMON    00070
__pcstackBANK0                       cstackBANK0  0003E
__pcstackCOMMON                      cstackCOMMON 00077
__pintentry                          intentry     00004
__pmaintext                          maintext     0016F
__pswtext1                           swtext1      00334
__ptext1                             text1        003F8
__ptext10                            text10       0031C
__ptext11                            text11       003C7
__ptext12                            text12       003EC
__ptext13                            text13       003F2
__ptext14                            text14       003D3
__ptext15                            text15       00364
__ptext16                            text16       00298
__ptext17                            text17       002FC
__ptext18                            text18       00252
__ptext19                            text19       002D4
__ptext2                             text2        003FC
__ptext21                            text21       00034
__ptext22                            text22       0034C
__ptext23                            text23       0038B
__ptext24                            text24       00402
__ptext3                             text3        003AC
__ptext4                             text4        00379
__ptext5                             text5        003BA
__ptext6                             text6        0039D
__ptext7                             text7        003FF
__ptext8                             text8        00202
__ptext9                             text9        003DD
__size_of_EMC1001_Read               (abs)        00000
__size_of_EUSART_Initialize          (abs)        00000
__size_of_EUSART_Read                (abs)        00000
__size_of_EUSART_Write               (abs)        00000
__size_of_I2C2_BusCollisionISR       (abs)        00000
__size_of_I2C2_FunctionComplete      (abs)        00000
__size_of_I2C2_ISR                   (abs)        00000
__size_of_I2C2_Initialize            (abs)        00000
__size_of_I2C2_MasterReadTRBBuild    (abs)        00000
__size_of_I2C2_MasterTRBInsert       (abs)        00000
__size_of_I2C2_MasterWriteTRBBuild   (abs)        00000
__size_of_I2C2_Stop                  (abs)        00000
__size_of_INTERRUPT_InterruptManager (abs)        00000
__size_of_LEDsOFF                    (abs)        00000
__size_of_LEDsON                     (abs)        00000
__size_of_OSCILLATOR_Initialize      (abs)        00000
__size_of_PIN_MANAGER_Initialize     (abs)        00000
__size_of_SYSTEM_Initialize          (abs)        00000
__size_of_TMR4_HasOverflowOccured    (abs)        00000
__size_of_TMR4_Initialize            (abs)        00000
__size_of_TMR4_Start                 (abs)        00000
__size_of_TMR6_Initialize            (abs)        00000
__size_of_TMR6_Start                 (abs)        00000
__size_of_TMR6_Stop                  (abs)        00000
__size_of_main                       (abs)        00000
_i2c2_object                         bssBANK0     00020
_i2c2_state                          bssBANK0     0002A
_i2c2_tr_queue                       bssBANK0     0003B
_i2c2_trb_count                      bssCOMMON    00072
_main                                maintext     0016F
_p_i2c2_current                      bssCOMMON    00073
_p_i2c2_trb_current                  bssCOMMON    00074
btemp                                (abs)        0007E
clear_ram0                           clrtext      003E6
end_of_initialization                cinit        00030
int$flags                            (abs)        0007E
intlevel0                            functab      00000
intlevel1                            functab      00000
intlevel2                            functab      00000
intlevel3                            functab      00000
intlevel4                            functab      00000
intlevel5                            functab      00000
ltemp                                (abs)        0007E
ltemp0                               (abs)        0007E
ltemp1                               (abs)        00082
ltemp2                               (abs)        00086
ltemp3                               (abs)        00080
main@data                            cstackBANK0  0004E
main@failcount                       cstackBANK0  0004C
main@temp                            cstackBANK0  0004D
main@templo                          cstackBANK0  0004F
reset_vec                            reset_vec    00000
stackhi                              (abs)        023EF
stacklo                              (abs)        02030
start                                init         00020
start_initialization                 cinit        00022
ttemp                                (abs)        0007E
ttemp0                               (abs)        0007E
ttemp1                               (abs)        00081
ttemp2                               (abs)        00084
ttemp3                               (abs)        00087
ttemp4                               (abs)        0007F
wtemp                                (abs)        0007E
wtemp0                               (abs)        0007E
wtemp1                               (abs)        00080
wtemp2                               (abs)        00082
wtemp3                               (abs)        00084
wtemp4                               (abs)        00086
wtemp5                               (abs)        00088
wtemp6                               (abs)        0007F


FUNCTION INFORMATION:

 *************** function _main *****************
 Defined at:
		line 39 in file "main.c"
 Parameters:    Size  Location     Type
		None
 Auto vars:     Size  Location     Type
  templo          1   17[BANK0 ] unsigned char 
  data            1   16[BANK0 ] unsigned char 
  temp            1   15[BANK0 ] char 
  failcount       1   14[BANK0 ] unsigned char 
 Return value:  Size  Location     Type
                  1    wreg      void 
 Registers used:
		wreg, fsr1l, fsr1h, status,2, status,0, pclath, cstack
 Tracked objects:
		On entry : 
		On exit  : 
		Unchanged: 
 Data sizes:     COMMON   BANK0   BANK1   BANK2   BANK3   BANK4   BANK5   BANK6   BANK7   BANK8   BANK9  BANK10  BANK11  BANK12
      Params:         0       0       0       0       0       0       0       0       0       0       0       0       0       0
      Locals:         0       4       0       0       0       0       0       0       0       0       0       0       0       0
      Temps:          0       2       0       0       0       0       0       0       0       0       0       0       0       0
      Totals:         0       6       0       0       0       0       0       0       0       0       0       0       0       0
Total ram usage:        6 bytes
 Hardware stack levels required when called:    6
 This function calls:
		_EMC1001_Read
		_EUSART_Read
		_EUSART_Write
		_LEDsOFF
		_LEDsON
		_SYSTEM_Initialize
		_TMR4_HasOverflowOccured
		_TMR6_Start
		_TMR6_Stop
 This function is called by:
		Startup code after reset
 This function uses a non-reentrant model


 *************** function _TMR6_Stop *****************
 Defined at:
		line 115 in file "mcc_generated_files/tmr6.c"
 Parameters:    Size  Location     Type
		None
 Auto vars:     Size  Location     Type
		None
 Return value:  Size  Location     Type
                  1    wreg      void 
 Registers used:
		status,2
 Tracked objects:
		On entry : 
		On exit  : 
		Unchanged: 
 Data sizes:     COMMON   BANK0   BANK1   BANK2   BANK3   BANK4   BANK5   BANK6   BANK7   BANK8   BANK9  BANK10  BANK11  BANK12
      Params:         0       0       0       0       0       0       0       0       0       0       0       0       0       0
      Locals:         0       0       0       0       0       0       0       0       0       0       0       0       0       0
      Temps:          0       0       0       0       0       0       0       0       0       0       0       0       0       0
      Totals:         0       0       0       0       0       0       0       0       0       0       0       0       0       0
Total ram usage:        0 bytes
 Hardware stack levels used:    1
 Hardware stack levels required when called:    3
 This function calls:
		Nothing
 This function is called by:
		_main
		_TMR6_StopTimer
 This function uses a non-reentrant model


 *************** function _TMR6_Start *****************
 Defined at:
		line 104 in file "mcc_generated_files/tmr6.c"
 Parameters:    Size  Location     Type
		None
 Auto vars:     Size  Location     Type
		None
 Return value:  Size  Location     Type
                  1    wreg      void 
 Registers used:
		None
 Tracked objects:
		On entry : 
		On exit  : 
		Unchanged: 
 Data sizes:     COMMON   BANK0   BANK1   BANK2   BANK3   BANK4   BANK5   BANK6   BANK7   BANK8   BANK9  BANK10  BANK11  BANK12
      Params:         0       0       0       0       0       0       0       0       0       0       0       0       0       0
      Locals:         0       0       0       0       0       0       0       0       0       0       0       0       0       0
      Temps:          0       0       0       0       0       0       0       0       0       0       0       0       0       0
      Totals:         0       0       0       0       0       0       0       0       0       0       0       0       0       0
Total ram usage:        0 bytes
 Hardware stack levels used:    1
 Hardware stack levels required when called:    3
 This function calls:
		Nothing
 This function is called by:
		_main
		_TMR6_StartTimer
 This function uses a non-reentrant model


 *************** function _TMR4_HasOverflowOccured *****************
 Defined at:
		line 161 in file "mcc_generated_files/tmr4.c"
 Parameters:    Size  Location     Type
		None
 Auto vars:     Size  Location     Type
  status          1    0[BANK0 ] unsigned char 
 Return value:  Size  Location     Type
                  1    wreg      unsigned char 
 Registers used:
		wreg, status,2, status,0
 Tracked objects:
		On entry : 
		On exit  : 
		Unchanged: 
 Data sizes:     COMMON   BANK0   BANK1   BANK2   BANK3   BANK4   BANK5   BANK6   BANK7   BANK8   BANK9  BANK10  BANK11  BANK12
      Params:         0       0       0       0       0       0       0       0       0       0       0       0       0       0
      Locals:         0       1       0       0       0       0       0       0       0       0       0       0       0       0
      Temps:          0       0       0       0       0       0       0       0       0       0       0       0       0       0
      Totals:         0       1       0       0       0       0       0       0       0       0       0       0       0       0
Total ram usage:        1 bytes
 Hardware stack levels used:    1
 Hardware stack levels required when called:    3
 This function calls:
		Nothing
 This function is called by:
		_main
 This function uses a non-reentrant model


 *************** function _SYSTEM_Initialize *****************
 Defined at:
		line 82 in file "mcc_generated_files/mcc.c"
 Parameters:    Size  Location     Type
		None
 Auto vars:     Size  Location     Type
		None
 Return value:  Size  Location     Type
                  1    wreg      void 
 Registers used:
		wreg, status,2, status,0, pclath, cstack
 Tracked objects:
		On entry : 
		On exit  : 
		Unchanged: 
 Data sizes:     COMMON   BANK0   BANK1   BANK2   BANK3   BANK4   BANK5   BANK6   BANK7   BANK8   BANK9  BANK10  BANK11  BANK12
      Params:         0       0       0       0       0       0       0       0       0       0       0       0       0       0
      Locals:         0       0       0       0       0       0       0       0       0       0       0       0       0       0
      Temps:          0       0       0       0       0       0       0       0       0       0       0       0       0       0
      Totals:         0       0       0       0       0       0       0       0       0       0       0       0       0       0
Total ram usage:        0 bytes
 Hardware stack levels used:    1
 Hardware stack levels required when called:    5
 This function calls:
		_EUSART_Initialize
		_I2C2_Initialize
		_OSCILLATOR_Initialize
		_PIN_MANAGER_Initialize
		_TMR4_Initialize
		_TMR6_Initialize
 This function is called by:
		_main
 This function uses a non-reentrant model


 *************** function _TMR6_Initialize *****************
 Defined at:
		line 63 in file "mcc_generated_files/tmr6.c"
 Parameters:    Size  Location     Type
		None
 Auto vars:     Size  Location     Type
		None
 Return value:  Size  Location     Type
                  1    wreg      void 
 Registers used:
		wreg, status,2
 Tracked objects:
		On entry : 
		On exit  : 
		Unchanged: 
 Data sizes:     COMMON   BANK0   BANK1   BANK2   BANK3   BANK4   BANK5   BANK6   BANK7   BANK8   BANK9  BANK10  BANK11  BANK12
      Params:         0       0       0       0       0       0       0       0       0       0       0       0       0       0
      Locals:         0       0       0       0       0       0       0       0       0       0       0       0       0       0
      Temps:          0       0       0       0       0       0       0       0       0       0       0       0       0       0
      Totals:         0       0       0       0       0       0       0       0       0       0       0       0       0       0
Total ram usage:        0 bytes
 Hardware stack levels used:    1
 Hardware stack levels required when called:    3
 This function calls:
		Nothing
 This function is called by:
		_SYSTEM_Initialize
 This function uses a non-reentrant model


 *************** function _TMR4_Initialize *****************
 Defined at:
		line 63 in file "mcc_generated_files/tmr4.c"
 Parameters:    Size  Location     Type
		None
 Auto vars:     Size  Location     Type
		None
 Return value:  Size  Location     Type
                  1    wreg      void 
 Registers used:
		wreg, status,2, status,0, pclath, cstack
 Tracked objects:
		On entry : 
		On exit  : 
		Unchanged: 
 Data sizes:     COMMON   BANK0   BANK1   BANK2   BANK3   BANK4   BANK5   BANK6   BANK7   BANK8   BANK9  BANK10  BANK11  BANK12
      Params:         0       0       0       0       0       0       0       0       0       0       0       0       0       0
      Locals:         0       0       0       0       0       0       0       0       0       0       0       0       0       0
      Temps:          0       0       0       0       0       0       0       0       0       0       0       0       0       0
      Totals:         0       0       0       0       0       0       0       0       0       0       0       0       0       0
Total ram usage:        0 bytes
 Hardware stack levels used:    1
 Hardware stack levels required when called:    4
 This function calls:
		_TMR4_Start
 This function is called by:
		_SYSTEM_Initialize
 This function uses a non-reentrant model


 *************** function _TMR4_Start *****************
 Defined at:
		line 104 in file "mcc_generated_files/tmr4.c"
 Parameters:    Size  Location     Type
		None
 Auto vars:     Size  Location     Type
		None
 Return value:  Size  Location     Type
                  1    wreg      void 
 Registers used:
		None
 Tracked objects:
		On entry : 
		On exit  : 
		Unchanged: 
 Data sizes:     COMMON   BANK0   BANK1   BANK2   BANK3   BANK4   BANK5   BANK6   BANK7   BANK8   BANK9  BANK10  BANK11  BANK12
      Params:         0       0       0       0       0       0       0       0       0       0       0       0       0       0
      Locals:         0       0       0       0       0       0       0       0       0       0       0       0       0       0
      Temps:          0       0       0       0       0       0       0       0       0       0       0       0       0       0
      Totals:         0       0       0       0       0       0       0       0       0       0       0       0       0       0
Total ram usage:        0 bytes
 Hardware stack levels used:    1
 Hardware stack levels required when called:    3
 This function calls:
		Nothing
 This function is called by:
		_TMR4_Initialize
		_TMR4_StartTimer
 This function uses a non-reentrant model


 *************** function _PIN_MANAGER_Initialize *****************
 Defined at:
		line 51 in file "mcc_generated_files/pin_manager.c"
 Parameters:    Size  Location     Type
		None
 Auto vars:     Size  Location     Type
  state           1    0[BANK0 ] unsigned char 
 Return value:  Size  Location     Type
                  1    wreg      void 
 Registers used:
		wreg, status,2, status,0
 Tracked objects:
		On entry : 
		On exit  : 
		Unchanged: 
 Data sizes:     COMMON   BANK0   BANK1   BANK2   BANK3   BANK4   BANK5   BANK6   BANK7   BANK8   BANK9  BANK10  BANK11  BANK12
      Params:         0       0       0       0       0       0       0       0       0       0       0       0       0       0
      Locals:         0       1       0       0       0       0       0       0       0       0       0       0       0       0
      Temps:          0       0       0       0       0       0       0       0       0       0       0       0       0       0
      Totals:         0       1       0       0       0       0       0       0       0       0       0       0       0       0
Total ram usage:        1 bytes
 Hardware stack levels used:    1
 Hardware stack levels required when called:    3
 This function calls:
		Nothing
 This function is called by:
		_SYSTEM_Initialize
 This function uses a non-reentrant model


 *************** function _OSCILLATOR_Initialize *****************
 Defined at:
		line 93 in file "mcc_generated_files/mcc.c"
 Parameters:    Size  Location     Type
		None
 Auto vars:     Size  Location     Type
		None
 Return value:  Size  Location     Type
                  1    wreg      void 
 Registers used:
		wreg, status,2
 Tracked objects:
		On entry : 
		On exit  : 
		Unchanged: 
 Data sizes:     COMMON   BANK0   BANK1   BANK2   BANK3   BANK4   BANK5   BANK6   BANK7   BANK8   BANK9  BANK10  BANK11  BANK12
      Params:         0       0       0       0       0       0       0       0       0       0       0       0       0       0
      Locals:         0       0       0       0       0       0       0       0       0       0       0       0       0       0
      Temps:          0       0       0       0       0       0       0       0       0       0       0       0       0       0
      Totals:         0       0       0       0       0       0       0       0       0       0       0       0       0       0
Total ram usage:        0 bytes
 Hardware stack levels used:    1
 Hardware stack levels required when called:    3
 This function calls:
		Nothing
 This function is called by:
		_SYSTEM_Initialize
 This function uses a non-reentrant model


 *************** function _I2C2_Initialize *****************
 Defined at:
		line 198 in file "mcc_generated_files/i2c2.c"
 Parameters:    Size  Location     Type
		None
 Auto vars:     Size  Location     Type
		None
 Return value:  Size  Location     Type
                  1    wreg      void 
 Registers used:
		wreg, status,2
 Tracked objects:
		On entry : 
		On exit  : 
		Unchanged: 
 Data sizes:     COMMON   BANK0   BANK1   BANK2   BANK3   BANK4   BANK5   BANK6   BANK7   BANK8   BANK9  BANK10  BANK11  BANK12
      Params:         0       0       0       0       0       0       0       0       0       0       0       0       0       0
      Locals:         0       0       0       0       0       0       0       0       0       0       0       0       0       0
      Temps:          0       1       0       0       0       0       0       0       0       0       0       0       0       0
      Totals:         0       1       0       0       0       0       0       0       0       0       0       0       0       0
Total ram usage:        1 bytes
 Hardware stack levels used:    1
 Hardware stack levels required when called:    3
 This function calls:
		Nothing
 This function is called by:
		_SYSTEM_Initialize
 This function uses a non-reentrant model


 *************** function _EUSART_Initialize *****************
 Defined at:
		line 56 in file "mcc_generated_files/eusart.c"
 Parameters:    Size  Location     Type
		None
 Auto vars:     Size  Location     Type
		None
 Return value:  Size  Location     Type
                  1    wreg      void 
 Registers used:
		wreg
 Tracked objects:
		On entry : 
		On exit  : 
		Unchanged: 
 Data sizes:     COMMON   BANK0   BANK1   BANK2   BANK3   BANK4   BANK5   BANK6   BANK7   BANK8   BANK9  BANK10  BANK11  BANK12
      Params:         0       0       0       0       0       0       0       0       0       0       0       0       0       0
      Locals:         0       0       0       0       0       0       0       0       0       0       0       0       0       0
      Temps:          0       0       0       0       0       0       0       0       0       0       0       0       0       0
      Totals:         0       0       0       0       0       0       0       0       0       0       0       0       0       0
Total ram usage:        0 bytes
 Hardware stack levels used:    1
 Hardware stack levels required when called:    3
 This function calls:
		Nothing
 This function is called by:
		_SYSTEM_Initialize
 This function uses a non-reentrant model


 *************** function _LEDsON *****************
 Defined at:
		line 9 in file "main.c"
 Parameters:    Size  Location     Type
		None
 Auto vars:     Size  Location     Type
		None
 Return value:  Size  Location     Type
                  1    wreg      void 
 Registers used:
		None
 Tracked objects:
		On entry : 
		On exit  : 
		Unchanged: 
 Data sizes:     COMMON   BANK0   BANK1   BANK2   BANK3   BANK4   BANK5   BANK6   BANK7   BANK8   BANK9  BANK10  BANK11  BANK12
      Params:         0       0       0       0       0       0       0       0       0       0       0       0       0       0
      Locals:         0       0       0       0       0       0       0       0       0       0       0       0       0       0
      Temps:          0       0       0       0       0       0       0       0       0       0       0       0       0       0
      Totals:         0       0       0       0       0       0       0       0       0       0       0       0       0       0
Total ram usage:        0 bytes
 Hardware stack levels used:    1
 Hardware stack levels required when called:    3
 This function calls:
		Nothing
 This function is called by:
		_main
 This function uses a non-reentrant model


 *************** function _LEDsOFF *****************
 Defined at:
		line 17 in file "main.c"
 Parameters:    Size  Location     Type
		None
 Auto vars:     Size  Location     Type
		None
 Return value:  Size  Location     Type
                  1    wreg      void 
 Registers used:
		None
 Tracked objects:
		On entry : 
		On exit  : 
		Unchanged: 
 Data sizes:     COMMON   BANK0   BANK1   BANK2   BANK3   BANK4   BANK5   BANK6   BANK7   BANK8   BANK9  BANK10  BANK11  BANK12
      Params:         0       0       0       0       0       0       0       0       0       0       0       0       0       0
      Locals:         0       0       0       0       0       0       0       0       0       0       0       0       0       0
      Temps:          0       0       0       0       0       0       0       0       0       0       0       0       0       0
      Totals:         0       0       0       0       0       0       0       0       0       0       0       0       0       0
Total ram usage:        0 bytes
 Hardware stack levels used:    1
 Hardware stack levels required when called:    3
 This function calls:
		Nothing
 This function is called by:
		_main
 This function uses a non-reentrant model


 *************** function _EUSART_Write *****************
 Defined at:
		line 97 in file "mcc_generated_files/eusart.c"
 Parameters:    Size  Location     Type
  txData          1    wreg     unsigned char 
 Auto vars:     Size  Location     Type
  txData          1    0[BANK0 ] unsigned char 
 Return value:  Size  Location     Type
                  1    wreg      void 
 Registers used:
		wreg
 Tracked objects:
		On entry : 
		On exit  : 
		Unchanged: 
 Data sizes:     COMMON   BANK0   BANK1   BANK2   BANK3   BANK4   BANK5   BANK6   BANK7   BANK8   BANK9  BANK10  BANK11  BANK12
      Params:         0       0       0       0       0       0       0       0       0       0       0       0       0       0
      Locals:         0       1       0       0       0       0       0       0       0       0       0       0       0       0
      Temps:          0       0       0       0       0       0       0       0       0       0       0       0       0       0
      Totals:         0       1       0       0       0       0       0       0       0       0       0       0       0       0
Total ram usage:        1 bytes
 Hardware stack levels used:    1
 Hardware stack levels required when called:    3
 This function calls:
		Nothing
 This function is called by:
		_main
		_putch
 This function uses a non-reentrant model


 *************** function _EUSART_Read *****************
 Defined at:
		line 78 in file "mcc_generated_files/eusart.c"
 Parameters:    Size  Location     Type
		None
 Auto vars:     Size  Location     Type
		None
 Return value:  Size  Location     Type
                  1    wreg      unsigned char 
 Registers used:
		wreg, status,0
 Tracked objects:
		On entry : 
		On exit  : 
		Unchanged: 
 Data sizes:     COMMON   BANK0   BANK1   BANK2   BANK3   BANK4   BANK5   BANK6   BANK7   BANK8   BANK9  BANK10  BANK11  BANK12
      Params:         0       0       0       0       0       0       0       0       0       0       0       0       0       0
      Locals:         0       0       0       0       0       0       0       0       0       0       0       0       0       0
      Temps:          0       0       0       0       0       0       0       0       0       0       0       0       0       0
      Totals:         0       0       0       0       0       0       0       0       0       0       0       0       0       0
Total ram usage:        0 bytes
 Hardware stack levels used:    1
 Hardware stack levels required when called:    3
 This function calls:
		Nothing
 This function is called by:
		_main
		_getch
 This function uses a non-reentrant model


 *************** function _EMC1001_Read *****************
 Defined at:
		line 25 in file "main.c"
 Parameters:    Size  Location     Type
  reg             1    wreg     unsigned char 
  pData           1    7[BANK0 ] PTR unsigned char 
		 -> main@templo(1), main@temp(1), 
 Auto vars:     Size  Location     Type
  reg             1   10[BANK0 ] unsigned char 
  status          1   11[BANK0 ] enum E13638
 Return value:  Size  Location     Type
                  1    wreg      unsigned char 
 Registers used:
		wreg, fsr1l, fsr1h, status,2, status,0, pclath, cstack
 Tracked objects:
		On entry : 
		On exit  : 
		Unchanged: 
 Data sizes:     COMMON   BANK0   BANK1   BANK2   BANK3   BANK4   BANK5   BANK6   BANK7   BANK8   BANK9  BANK10  BANK11  BANK12
      Params:         0       1       0       0       0       0       0       0       0       0       0       0       0       0
      Locals:         0       2       0       0       0       0       0       0       0       0       0       0       0       0
      Temps:          0       2       0       0       0       0       0       0       0       0       0       0       0       0
      Totals:         0       5       0       0       0       0       0       0       0       0       0       0       0       0
Total ram usage:        5 bytes
 Hardware stack levels used:    1
 Hardware stack levels required when called:    4
 This function calls:
		_I2C2_MasterReadTRBBuild
		_I2C2_MasterTRBInsert
		_I2C2_MasterWriteTRBBuild
 This function is called by:
		_main
 This function uses a non-reentrant model


 *************** function _I2C2_MasterWriteTRBBuild *****************
 Defined at:
		line 707 in file "mcc_generated_files/i2c2.c"
 Parameters:    Size  Location     Type
  ptrb            1    wreg     PTR struct .
		 -> EMC1001_Read@trb(8), I2C2_MasterWrite@trBlock(4), 
  pdata           1    0[BANK0 ] PTR unsigned char 
		 -> EMC1001_Read@reg(1), 
  length          1    1[BANK0 ] unsigned char 
  address         2    2[BANK0 ] unsigned int 
 Auto vars:     Size  Location     Type
  ptrb            1    6[BANK0 ] PTR struct .
		 -> EMC1001_Read@trb(8), I2C2_MasterWrite@trBlock(4), 
 Return value:  Size  Location     Type
                  1    wreg      void 
 Registers used:
		wreg, fsr1l, fsr1h, status,2, status,0
 Tracked objects:
		On entry : 
		On exit  : 
		Unchanged: 
 Data sizes:     COMMON   BANK0   BANK1   BANK2   BANK3   BANK4   BANK5   BANK6   BANK7   BANK8   BANK9  BANK10  BANK11  BANK12
      Params:         0       4       0       0       0       0       0       0       0       0       0       0       0       0
      Locals:         0       1       0       0       0       0       0       0       0       0       0       0       0       0
      Temps:          0       2       0       0       0       0       0       0       0       0       0       0       0       0
      Totals:         0       7       0       0       0       0       0       0       0       0       0       0       0       0
Total ram usage:        7 bytes
 Hardware stack levels used:    1
 Hardware stack levels required when called:    3
 This function calls:
		Nothing
 This function is called by:
		_EMC1001_Read
		_I2C2_MasterWrite
 This function uses a non-reentrant model


 *************** function _I2C2_MasterTRBInsert *****************
 Defined at:
		line 641 in file "mcc_generated_files/i2c2.c"
 Parameters:    Size  Location     Type
  count           1    wreg     unsigned char 
  ptrb_list       1    0[BANK0 ] PTR struct .
		 -> EMC1001_Read@trb(8), I2C2_MasterRead@trBlock(4), I2C2_MasterWrite@trBlock(4), 
  pflag           1    1[BANK0 ] PTR enum E13560
		 -> EMC1001_Read@status(1), 
 Auto vars:     Size  Location     Type
  count           1    3[BANK0 ] unsigned char 
 Return value:  Size  Location     Type
                  1    wreg      void 
 Registers used:
		wreg, fsr1l, fsr1h, status,2, status,0
 Tracked objects:
		On entry : 
		On exit  : 
		Unchanged: 
 Data sizes:     COMMON   BANK0   BANK1   BANK2   BANK3   BANK4   BANK5   BANK6   BANK7   BANK8   BANK9  BANK10  BANK11  BANK12
      Params:         0       2       0       0       0       0       0       0       0       0       0       0       0       0
      Locals:         0       1       0       0       0       0       0       0       0       0       0       0       0       0
      Temps:          0       1       0       0       0       0       0       0       0       0       0       0       0       0
      Totals:         0       4       0       0       0       0       0       0       0       0       0       0       0       0
Total ram usage:        4 bytes
 Hardware stack levels used:    1
 Hardware stack levels required when called:    3
 This function calls:
		Nothing
 This function is called by:
		_EMC1001_Read
		_I2C2_MasterWrite
		_I2C2_MasterRead
 This function uses a non-reentrant model


 *************** function _I2C2_MasterReadTRBBuild *****************
 Defined at:
		line 694 in file "mcc_generated_files/i2c2.c"
 Parameters:    Size  Location     Type
  ptrb            1    wreg     PTR struct .
		 -> EMC1001_Read@trb(8), I2C2_MasterRead@trBlock(4), 
  pdata           1    0[BANK0 ] PTR unsigned char 
		 -> main@templo(1), main@temp(1), 
  length          1    1[BANK0 ] unsigned char 
  address         2    2[BANK0 ] unsigned int 
 Auto vars:     Size  Location     Type
  ptrb            1    6[BANK0 ] PTR struct .
		 -> EMC1001_Read@trb(8), I2C2_MasterRead@trBlock(4), 
 Return value:  Size  Location     Type
                  1    wreg      void 
 Registers used:
		wreg, fsr1l, fsr1h, status,2, status,0
 Tracked objects:
		On entry : 
		On exit  : 
		Unchanged: 
 Data sizes:     COMMON   BANK0   BANK1   BANK2   BANK3   BANK4   BANK5   BANK6   BANK7   BANK8   BANK9  BANK10  BANK11  BANK12
      Params:         0       4       0       0       0       0       0       0       0       0       0       0       0       0
      Locals:         0       1       0       0       0       0       0       0       0       0       0       0       0       0
      Temps:          0       2       0       0       0       0       0       0       0       0       0       0       0       0
      Totals:         0       7       0       0       0       0       0       0       0       0       0       0       0       0
Total ram usage:        7 bytes
 Hardware stack levels used:    1
 Hardware stack levels required when called:    3
 This function calls:
		Nothing
 This function is called by:
		_EMC1001_Read
		_I2C2_MasterRead
 This function uses a non-reentrant model


 *************** function _INTERRUPT_InterruptManager *****************
 Defined at:
		line 51 in file "mcc_generated_files/interrupt_manager.c"
 Parameters:    Size  Location     Type
		None
 Auto vars:     Size  Location     Type
		None
 Return value:  Size  Location     Type
                  1    wreg      void 
 Registers used:
		wreg, fsr0l, fsr0h, fsr1l, fsr1h, status,2, status,0, pclath, cstack
 Tracked objects:
		On entry : 
		On exit  : 
		Unchanged: 
 Data sizes:     COMMON   BANK0   BANK1   BANK2   BANK3   BANK4   BANK5   BANK6   BANK7   BANK8   BANK9  BANK10  BANK11  BANK12
      Params:         0       0       0       0       0       0       0       0       0       0       0       0       0       0
      Locals:         0       0       0       0       0       0       0       0       0       0       0       0       0       0
      Temps:          1       0       0       0       0       0       0       0       0       0       0       0       0       0
      Totals:         1       0       0       0       0       0       0       0       0       0       0       0       0       0
Total ram usage:        1 bytes
 Hardware stack levels used:    1
 Hardware stack levels required when called:    2
 This function calls:
		_I2C2_BusCollisionISR
		_I2C2_ISR
 This function is called by:
		Interrupt level 1
 This function uses a non-reentrant model


 *************** function _I2C2_ISR *****************
 Defined at:
		line 233 in file "mcc_generated_files/i2c2.c"
 Parameters:    Size  Location     Type
		None
 Auto vars:     Size  Location     Type
		None
 Return value:  Size  Location     Type
                  1    wreg      void 
 Registers used:
		wreg, fsr0l, fsr0h, fsr1l, fsr1h, status,2, status,0, pclath, cstack
 Tracked objects:
		On entry : 
		On exit  : 
		Unchanged: 
 Data sizes:     COMMON   BANK0   BANK1   BANK2   BANK3   BANK4   BANK5   BANK6   BANK7   BANK8   BANK9  BANK10  BANK11  BANK12
      Params:         0       0       0       0       0       0       0       0       0       0       0       0       0       0
      Locals:         0       0       0       0       0       0       0       0       0       0       0       0       0       0
      Temps:          4       0       0       0       0       0       0       0       0       0       0       0       0       0
      Totals:         4       0       0       0       0       0       0       0       0       0       0       0       0       0
Total ram usage:        4 bytes
 Hardware stack levels used:    1
 Hardware stack levels required when called:    1
 This function calls:
		_I2C2_FunctionComplete
		_I2C2_Stop
 This function is called by:
		_INTERRUPT_InterruptManager
 This function uses a non-reentrant model


 *************** function _I2C2_Stop *****************
 Defined at:
		line 581 in file "mcc_generated_files/i2c2.c"
 Parameters:    Size  Location     Type
  completion_c    1    wreg     enum E13560
 Auto vars:     Size  Location     Type
  completion_c    1    1[COMMON] enum E13560
 Return value:  Size  Location     Type
                  1    wreg      void 
 Registers used:
		wreg, fsr1l, fsr1h, status,2, status,0
 Tracked objects:
		On entry : 
		On exit  : 
		Unchanged: 
 Data sizes:     COMMON   BANK0   BANK1   BANK2   BANK3   BANK4   BANK5   BANK6   BANK7   BANK8   BANK9  BANK10  BANK11  BANK12
      Params:         0       0       0       0       0       0       0       0       0       0       0       0       0       0
      Locals:         1       0       0       0       0       0       0       0       0       0       0       0       0       0
      Temps:          1       0       0       0       0       0       0       0       0       0       0       0       0       0
      Totals:         2       0       0       0       0       0       0       0       0       0       0       0       0       0
Total ram usage:        2 bytes
 Hardware stack levels used:    1
 This function calls:
		Nothing
 This function is called by:
		_I2C2_ISR
 This function uses a non-reentrant model


 *************** function _I2C2_FunctionComplete *****************
 Defined at:
		line 563 in file "mcc_generated_files/i2c2.c"
 Parameters:    Size  Location     Type
		None
 Auto vars:     Size  Location     Type
		None
 Return value:  Size  Location     Type
                  1    wreg      void 
 Registers used:
		wreg, status,2, status,0
 Tracked objects:
		On entry : 
		On exit  : 
		Unchanged: 
 Data sizes:     COMMON   BANK0   BANK1   BANK2   BANK3   BANK4   BANK5   BANK6   BANK7   BANK8   BANK9  BANK10  BANK11  BANK12
      Params:         0       0       0       0       0       0       0       0       0       0       0       0       0       0
      Locals:         0       0       0       0       0       0       0       0       0       0       0       0       0       0
      Temps:          1       0       0       0       0       0       0       0       0       0       0       0       0       0
      Totals:         1       0       0       0       0       0       0       0       0       0       0       0       0       0
Total ram usage:        1 bytes
 Hardware stack levels used:    1
 This function calls:
		Nothing
 This function is called by:
		_I2C2_ISR
 This function uses a non-reentrant model


 *************** function _I2C2_BusCollisionISR *****************
 Defined at:
		line 728 in file "mcc_generated_files/i2c2.c"
 Parameters:    Size  Location     Type
		None
 Auto vars:     Size  Location     Type
		None
 Return value:  Size  Location     Type
                  1    wreg      void 
 Registers used:
		None
 Tracked objects:
		On entry : 
		On exit  : 
		Unchanged: 
 Data sizes:     COMMON   BANK0   BANK1   BANK2   BANK3   BANK4   BANK5   BANK6   BANK7   BANK8   BANK9  BANK10  BANK11  BANK12
      Params:         0       0       0       0       0       0       0       0       0       0       0       0       0       0
      Locals:         0       0       0       0       0       0       0       0       0       0       0       0       0       0
      Temps:          0       0       0       0       0       0       0       0       0       0       0       0       0       0
      Totals:         0       0       0       0       0       0       0       0       0       0       0       0       0       0
Total ram usage:        0 bytes
 Hardware stack levels used:    1
 This function calls:
		Nothing
 This function is called by:
		_INTERRUPT_InterruptManager
 This function uses a non-reentrant model



MODULE INFORMATION

Module		Function		Class		Link	Load	Size
mcc_generated_files/tmr6.c
		_TMR6_Initialize		CODE           	03BA	0000	14
		_TMR6_Stop     		CODE           	03F8	0000	5
		_TMR6_Start    		CODE           	03FC	0000	4

mcc_generated_files/tmr6.c estimated size: 23

mcc_generated_files/tmr4.c
		_TMR4_HasOverflowOccured		CODE           	03AC	0000	15
		_TMR4_Initialize		CODE           	039D	0000	16
		_TMR4_Start    		CODE           	03FF	0000	4

mcc_generated_files/tmr4.c estimated size: 35

mcc_generated_files/interrupt_manager.c
		_INTERRUPT_InterruptManager		CODE           	0004	0000	29

mcc_generated_files/interrupt_manager.c estimated size: 29

mcc_generated_files/pin_manager.c
		_PIN_MANAGER_Initialize		CODE           	0202	0000	81

mcc_generated_files/pin_manager.c estimated size: 81

shared
		__initialization		CODE           	0022	0000	15

shared estimated size: 15

mcc_generated_files/mcc.c
		_OSCILLATOR_Initialize		CODE           	03DD	0000	10
		_SYSTEM_Initialize		CODE           	0379	0000	19

mcc_generated_files/mcc.c estimated size: 29

mcc_generated_files/i2c2.c
		_I2C2_BusCollisionISR		CODE           	0402	0000	2
		_I2C2_FunctionComplete		CODE           	038B	0000	19
		_I2C2_MasterWriteTRBBuild		CODE           	02FC	0000	33
		_I2C2_ISR      		CODE           	0034	0000	316
		_I2C2_Initialize		CODE           	031C	0000	25
		_I2C2_Stop     		CODE           	034C	0000	25
		_I2C2_MasterReadTRBBuild		CODE           	02D4	0000	41
		_I2C2_MasterTRBInsert		CODE           	0252	0000	71

mcc_generated_files/i2c2.c estimated size: 532

mcc_generated_files/eusart.c
		_EUSART_Read   		CODE           	0364	0000	22
		_EUSART_Write  		CODE           	03D3	0000	11
		_EUSART_Initialize		CODE           	03C7	0000	13

mcc_generated_files/eusart.c estimated size: 46

main.c
		_LEDsOFF       		CODE           	03F2	0000	7
		_EMC1001_Read  		CODE           	0298	0000	61
		_main          		CODE           	016F	0000	148
		_LEDsON        		CODE           	03EC	0000	7

main.c estimated size: 223

